ESP-ROM:esp32s3-20210327
Build:Mar 27 2021
rst:0x1 (POWERON),boot:0x8 (SPI_FAST_FLASH_BOOT)
SPIWP:0xee
mode:DIO, clock div:1
load:0x3fce3810,len:0x1870
load:0x403c9700,len:0x4
load:0x403c9704,len:0xcec
load:0x403cc700,len:0x2eb0
entry 0x403c9918
[0;32mI (27) boot: ESP-IDF v5.2.3-dirty 2nd stage bootloader[0m
[0;32mI (27) boot: compile time Aug 17 2025 14:59:24[0m
[0;32mI (27) boot: Multicore bootloader[0m
[0;32mI (30) boot: chip revision: v0.2[0m
[0;32mI (34) boot: efuse block revision: v1.3[0m
[0;32mI (39) boot.esp32s3: Boot SPI Speed : 80MHz[0m
[0;32mI (44) boot.esp32s3: SPI Mode       : DIO[0m
[0;32mI (48) boot.esp32s3: SPI Flash Size : 2MB[0m
[0;32mI (53) boot: Enabling RNG early entropy source...[0m
[0;32mI (58) boot: Partition Table:[0m
[0;32mI (62) boot: ## Label            Usage          Type ST Offset   Length[0m
[0;32mI (69) boot:  0 nvs              WiFi data        01 02 00009000 00006000[0m
[0;32mI (77) boot:  1 phy_init         RF data          01 01 0000f000 00001000[0m
[0;32mI (84) boot:  2 factory          factory app      00 00 00010000 00100000[0m
[0;32mI (92) boot: End of partition table[0m
[0;32mI (96) esp_image: segment 0: paddr=00010020 vaddr=3c020020 size=0b7f8h ( 47096) map[0m
[0;32mI (113) esp_image: segment 1: paddr=0001b820 vaddr=3fc92d00 size=028e0h ( 10464) load[0m
[0;32mI (115) esp_image: segment 2: paddr=0001e108 vaddr=40374000 size=01f10h (  7952) load[0m
[0;32mI (123) esp_image: segment 3: paddr=00020020 vaddr=42000020 size=1dee4h (122596) map[0m
[0;32mI (151) esp_image: segment 4: paddr=0003df0c vaddr=40375f10 size=0ccfch ( 52476) load[0m
[0;32mI (169) boot: Loaded app from partition at offset 0x10000[0m
[0;32mI (169) boot: Disabling RNG early entropy source...[0m
[0;32mI (180) cpu_start: Multicore app[0m
[0;32mI (190) cpu_start: Pro cpu start user code[0m
[0;32mI (190) cpu_start: cpu freq: 160000000 Hz[0m
[0;32mI (190) cpu_start: Application information:[0m
[0;32mI (193) cpu_start: Project name:     uart-cleint[0m
[0;32mI (198) cpu_start: App version:      v5.2.3-dirty[0m
[0;32mI (204) cpu_start: Compile time:     Aug 17 2025 14:58:11[0m
[0;32mI (210) cpu_start: ELF file SHA256:  73bc23073...[0m
[0;32mI (215) cpu_start: ESP-IDF:          v5.2.3-dirty[0m
[0;32mI (221) cpu_start: Min chip rev:     v0.0[0m
[0;32mI (225) cpu_start: Max chip rev:     v0.99 [0m
[0;32mI (230) cpu_start: Chip rev:         v0.2[0m
[0;32mI (235) heap_init: Initializing. RAM available for dynamic allocation:[0m
[0;32mI (242) heap_init: At 3FC95EB0 len 00053860 (334 KiB): RAM[0m
[0;32mI (248) heap_init: At 3FCE9710 len 00005724 (21 KiB): RAM[0m
[0;32mI (254) heap_init: At 3FCF0000 len 00008000 (32 KiB): DRAM[0m
[0;32mI (261) heap_init: At 600FE010 len 00001FD8 (7 KiB): RTCRAM[0m
[0;32mI (268) spi_flash: detected chip: generic[0m
[0;32mI (271) spi_flash: flash io: dio[0m
[0;33mW (275) spi_flash: Detected size(16384k) larger than the size in the binary image header(2048k). Using the size in the binary image header.[0m
[0;32mI (289) sleep: Configure to isolate all GPIO pins in sleep state[0m
[0;32mI (296) sleep: Enable automatic switching of GPIO sleep configuration[0m
[0;32mI (303) main_task: Started on CPU0[0m
[0;32mI (313) main_task: Calling app_main()[0m

***ERROR*** A stack overflow in task uart_reader_tas has been detected.


Backtrace: 0x403759f2:0x3fca8ac0 0x4037aa15:0x3fca8ae0 0x4037b93a:0x3fca8b00 0x4037caaf:0x3fca8b80 0x4037ba00:0x3fca8ba0 0x4037b9f6:0x2089f37c |<-CORRUPTED




ELF file SHA256: 73bc23073

Rebooting...
ï¿½ï¿½ï¿½ESP-ROM:esp32s3-20210327
Build:Mar 27 2021
rst:0xc (RTC_SW_CPU_RST),boot:0x8 (SPI_FAST_FLASH_BOOT)
Saved PC:0x40375968
SPIWP:0xee
mode:DIO, clock div:1
load:0x3fce3810,len:0x1870
load:0x403c9700,len:0x4
load:0x403c9704,len:0xcec
load:0x403cc700,len:0x2eb0
entry 0x403c9918
[0;32mI (31) boot: ESP-IDF v5.2.3-dirty 2nd stage bootloader[0m
[0;32mI (31) boot: compile time Aug 17 2025 14:59:24[0m
[0;32mI (31) boot: Multicore bootloader[0m
[0;32mI (35) boot: chip revision: v0.2[0m
[0;32mI (39) boot: efuse block revision: v1.3[0m
[0;32mI (43) boot.esp32s3: Boot SPI Speed : 80MHz[0m
[0;32mI (48) boot.esp32s3: SPI Mode       : DIO[0m
[0;32mI (53) boot.esp32s3: SPI Flash Size : 2MB[0m
[0;32mI (57) boot: Enabling RNG early entropy source...[0m
[0;32mI (63) boot: Partition Table:[0m
[0;32mI (66) boot: ## Label            Usage          Type ST Offset   Length[0m
[0;32mI (74) boot:  0 nvs              WiFi data        01 02 00009000 00006000[0m
[0;32mI (81) boot:  1 phy_init         RF data          01 01 0000f000 00001000[0m
[0;32mI (89) boot:  2 factory          factory app      00 00 00010000 00100000[0m
[0;32mI (96) boot: End of partition table[0m
[0;32mI (100) esp_image: segment 0: paddr=00010020 vaddr=3c020020 size=0b7f8h ( 47096) map[0m
[0;32mI (117) esp_image: segment 1: paddr=0001b820 vaddr=3fc92d00 size=028e0h ( 10464) load[0m
[0;32mI (120) esp_image: segment 2: paddr=0001e108 vaddr=40374000 size=01f10h (  7952) load[0m
[0;32mI (127) esp_image: segment 3: paddr=00020020 vaddr=42000020 size=1dee4h (122596) map[0m
[0;32mI (156) esp_image: segment 4: paddr=0003df0c vaddr=40375f10 size=0ccfch ( 52476) load[0m
[0;32mI (173) boot: Loaded app from partition at offset 0x10000[0m
[0;32mI (174) boot: Disabling RNG early entropy source...[0m
[0;32mI (185) cpu_start: Multicore app[0m
[0;32mI (195) cpu_start: Pro cpu start user code[0m
[0;32mI (195) cpu_start: cpu freq: 160000000 Hz[0m
[0;32mI (195) cpu_start: Application information:[0m
[0;32mI (198) cpu_start: Project name:     uart-cleint[0m
[0;32mI (203) cpu_start: App version:      v5.2.3-dirty[0m
[0;32mI (208) cpu_start: Compile time:     Aug 17 2025 14:58:11[0m
[0;32mI (214) cpu_start: ELF file SHA256:  73bc23073...[0m
[0;32mI (220) cpu_start: ESP-IDF:          v5.2.3-dirty[0m
[0;32mI (225) cpu_start: Min chip rev:     v0.0[0m
[0;32mI (230) cpu_start: Max chip rev:     v0.99 [0m
[0;32mI (235) cpu_start: Chip rev:         v0.2[0m
[0;32mI (239) heap_init: Initializing. RAM available for dynamic allocation:[0m
[0;32mI (247) heap_init: At 3FC95EB0 len 00053860 (334 KiB): RAM[0m
[0;32mI (253) heap_init: At 3FCE9710 len 00005724 (21 KiB): RAM[0m
[0;32mI (259) heap_init: At 3FCF0000 len 00008000 (32 KiB): DRAM[0m
[0;32mI (265) heap_init: At 600FE010 len 00001FD8 (7 KiB): RTCRAM[0m
[0;32mI (272) spi_flash: detected chip: generic[0m
[0;32mI (276) spi_flash: flash io: dio[0m
[0;33mW (280) spi_flash: Detected size(16384k) larger than the size in the binary image header(2048k). Using the size in the binary image header.[0m
[0;32mI (293) sleep: Configure to isolate all GPIO pins in sleep state[0m
[0;32mI (300) sleep: Enable automatic switching of GPIO sleep configuration[0m
[0;32mI (307) main_task: Started on CPU0[0m
[0;32mI (317) main_task: Calling app_main()[0m

***ERROR*** A stack overflow in task uart_reader_tas has been detected.


Backtrace: 0x403759f2:0x3fca8ac0 0x4037aa15:0x3fca8ae0 0x4037b93a:0x3fca8b00 0x4037caaf:0x3fca8b80 0x4037ba00:0x3fca8ba0 0x4037b9f6:0x2089f37c |<-CORRUPTED




ELF file SHA256: 73bc23073

Rebooting...
ESP-ROM:esp32s3-20210327
Build:Mar 27 2021
rst:0xc (RTC_SW_CPU_RST),boot:0x8 (SPI_FAST_FLASH_BOOT)
Saved PC:0x40375968
SPIWP:0xee
mode:DIO, clock div:1
load:0x3fce3810,len:0x1870
load:0x403c9700,len:0x4
load:0x403c9704,len:0xcec
load:0x403cc700,len:0x2eb0
entry 0x403c9918
[0;32mI (31) boot: ESP-IDF v5.2.3-dirty 2nd stage bootloader[0m
[0;32mI (31) boot: compile time Aug 17 2025 14:59:24[0m
[0;32mI (31) boot: Multicore bootloader[0m
[0;32mI (35) boot: chip revision: v0.2[0m
[0;32mI (39) boot: efuse block revision: v1.3[0m
[0;32mI (43) boot.esp32s3: Boot SPI Speed : 80MHz[0m
[0;32mI (48) boot.esp32s3: SPI Mode       : DIO[0m
[0;32mI (53) boot.esp32s3: SPI Flash Size : 2MB[0m
[0;32mI (57) boot: Enabling RNG early entropy source...[0m
[0;32mI (63) boot: Partition Table:[0m
[0;32mI (66) boot: ## Label            Usage          Type ST Offset   Length[0m
[0;32mI (74) boot:  0 nvs              WiFi data        01 02 00009000 00006000[0m
[0;32mI (81) boot:  1 phy_init         RF data          01 01 0000f000 00001000[0m
[0;32mI (89) boot:  2 factory          factory app      00 00 00010000 00100000[0m
[0;32mI (96) boot: End of partition table[0m
[0;32mI (100) esp_image: segment 0: paddr=00010020 vaddr=3c020020 size=0b7f8h ( 47096) map[0m
[0;32mI (117) esp_image: segment 1: paddr=0001b820 vaddr=3fc92d00 size=028e0h ( 10464) load[0m
[0;32mI (120) esp_image: segment 2: paddr=0001e108 vaddr=40374000 size=01f10h (  7952) load[0m
[0;32mI (127) esp_image: segment 3: paddr=00020020 vaddr=42000020 size=1dee4h (122596) map[0m
[0;32mI (156) esp_image: segment 4: paddr=0003df0c vaddr=40375f10 size=0ccfch ( 52476) load[0m
[0;32mI (173) boot: Loaded app from partition at offset 0x10000[0m
[0;32mI (174) boot: Disabling RNG early entropy source...[0m
[0;32mI (185) cpu_start: Multicore app[0m
[0;32mI (195) cpu_start: Pro cpu start user code[0m
[0;32mI (195) cpu_start: cpu freq: 160000000 Hz[0m
[0;32mI (195) cpu_start: Application information:[0m
[0;32mI (198) cpu_start: Project name:     uart-cleint[0m
[0;32mI (203) cpu_start: App version:      v5.2.3-dirty[0m
[0;32mI (208) cpu_start: Compile time:     Aug 17 2025 14:58:11[0m
[0;32mI (214) cpu_start: ELF file SHA256:  73bc23073...[0m
[0;32mI (220) cpu_start: ESP-IDF:          v5.2.3-dirty[0m
[0;32mI (225) cpu_start: Min chip rev:     v0.0[0m
[0;32mI (230) cpu_start: Max chip rev:     v0.99 [0m
[0;32mI (235) cpu_start: Chip rev:         v0.2[0m
[0;32mI (239) heap_init: Initializing. RAM available for dynamic allocation:[0m
[0;32mI (247) heap_init: At 3FC95EB0 len 00053860 (334 KiB): RAM[0m
[0;32mI (253) heap_init: At 3FCE9710 len 00005724 (21 KiB): RAM[0m
[0;32mI (259) heap_init: At 3FCF0000 len 00008000 (32 KiB): DRAM[0m
[0;32mI (265) heap_init: At 600FE010 len 00001FD8 (7 KiB): RTCRAM[0m
[0;32mI (272) spi_flash: detected chip: generic[0m
[0;32mI (276) spi_flash: flash io: dio[0m
[0;33mW (280) spi_flash: Detected size(16384k) larger than the size in the binary image header(2048k). Using the size in the binary image header.[0m
[0;32mI (293) sleep: Configure to isolate all GPIO pins in sleep state[0m
[0;32mI (300) sleep: Enable automatic switching of GPIO sleep configuration[0m
[0;32mI (307) main_task: Started on CPU0[0m
[0;32mI (317) main_task: Calling app_main()[0m

***ERROR*** A stack overflow in task uart_reader_tas has been detected.


Backtrace: 0x403759f2:0x3fca8ac0 0x4037aa15:0x3fca8ae0 0x4037b93a:0x3fca8b00 0x4037caaf:0x3fca8b80 0x4037ba00:0x3fca8ba0 0x4037b9f6:0x2089f37c |<-CORRUPTED




ELF file SHA256: 73bc23073

Rebooting...
ESP-ROM:esp32s3-20210327
Build:Mar 27 2021
rst:0xc (RTC_SW_CPU_RST),boot:0x8 (SPI_FAST_FLASH_BOOT)
Saved PC:0x40375968
SPIWP:0xee
mode:DIO, clock div:1
load:0x3fce3810,len:0x1870
load:0x403c9700,len:0x4
load:0x403c9704,len:0xcec
load:0x403cc700,len:0x2eb0
entry 0x403c9918
[0;32mI (31) boot: ESP-IDF v5.2.3-dirty 2nd stage bootloader[0m
[0;32mI (31) boot: compile time Aug 17 2025 14:59:24[0m
[0;32mI (31) boot: Multicore bootloader[0m
[0;32mI (35) boot: chip revision: v0.2[0m
[0;32mI (39) boot: efuse block revision: v1.3[0m
[0;32mI (43) boot.esp32s3: Boot SPI Speed : 80MHz[0m
[0;32mI (48) boot.esp32s3: SPI Mode       : DIO[0m
[0;32mI (53) boot.esp32s3: SPI Flash Size : 2MB[0m
[0;32mI (57) boot: Enabling RNG early entropy source...[0m
[0;32mI (63) boot: Partition Table:[0m
[0;32mI (66) boot: ## Label            Usage          Type ST Offset   Length[0m
[0;32mI (74) boot:  0 nvs              WiFi data        01 02 00009000 00006000[0m
[0;32mI (81) boot:  1 phy_init         RF data          01 01 0000f000 00001000[0m
[0;32mI (89) boot:  2 factory          factory app      00 00 00010000 00100000[0m
[0;32mI (96) boot: End of partition table[0m
[0;32mI (100) esp_image: segment 0: paddr=00010020 vaddr=3c020020 size=0b7f8h ( 47096) map[0m
[0;32mI (117) esp_image: segment 1: paddr=0001b820 vaddr=3fc92d00 size=028e0h ( 10464) load[0m
[0;32mI (120) esp_image: segment 2: paddr=0001e108 vaddr=40374000 size=01f10h (  7952) load[0m
[0;32mI (127) esp_image: segment 3: paddr=00020020 vaddr=42000020 size=1dee4h (122596) map[0m
[0;32mI (156) esp_image: segment 4: paddr=0003df0c vaddr=40375f10 size=0ccfch ( 52476) load[0m
[0;32mI (173) boot: Loaded app from partition at offset 0x10000[0m
[0;32mI (174) boot: Disabling RNG early entropy source...[0m
[0;32mI (185) cpu_start: Multicore app[0m
[0;32mI (195) cpu_start: Pro cpu start user code[0m
[0;32mI (195) cpu_start: cpu freq: 160000000 Hz[0m
[0;32mI (195) cpu_start: Application information:[0m
[0;32mI (198) cpu_start: Project name:     uart-cleint[0m
[0;32mI (203) cpu_start: App version:      v5.2.3-dirty[0m
[0;32mI (208) cpu_start: Compile time:     Aug 17 2025 14:58:11[0m
[0;32mI (214) cpu_start: ELF file SHA256:  73bc23073...[0m
[0;32mI (220) cpu_start: ESP-IDF:          v5.2.3-dirty[0m
[0;32mI (225) cpu_start: Min chip rev:     v0.0[0m
[0;32mI (230) cpu_start: Max chip rev:     v0.99 [0m
[0;32mI (235) cpu_start: Chip rev:         v0.2[0m
[0;32mI (239) heap_init: Initializing. RAM available for dynamic allocation:[0m
[0;32mI (247) heap_init: At 3FC95EB0 len 00053860 (334 KiB): RAM[0m
[0;32mI (253) heap_init: At 3FCE9710 len 00005724 (21 KiB): RAM[0m
[0;32mI (259) heap_init: At 3FCF0000 len 00008000 (32 KiB): DRAM[0m
[0;32mI (265) heap_init: At 600FE010 len 00001FD8 (7 KiB): RTCRAM[0m
[0;32mI (272) spi_flash: detected chip: generic[0m
[0;32mI (276) spi_flash: flash io: dio[0m
[0;33mW (280) spi_flash: Detected size(16384k) larger than the size in the binary image header(2048k). Using the size in the binary image header.[0m
[0;32mI (293) sleep: Configure to isolate all GPIO pins in sleep state[0m
[0;32mI (300) sleep: Enable automatic switching of GPIO sleep configuration[0m
[0;32mI (307) main_task: Started on CPU0[0m
[0;32mI (317) main_task: Calling app_main()[0m

***ERROR*** A stack overflow in task uart_reader_tas has been detected.


Backtrace: 0x403759f2:0x3fca8ac0 0x4037aa15:0x3fca8ae0 0x4037b93a:0x3fca8b00 0x4037caaf:0x3fca8b80 0x4037ba00:0x3fca8ba0 0x4037b9f6:0x2089f37c |<-CORRUPTED




ELF file SHA256: 73bc23073

Rebooting...
ESP-ROM:esp32s3-20210327
Build:Mar 27 2021
rst:0xc (RTC_SW_CPU_RST),boot:0x8 (SPI_FAST_FLASH_BOOT)
Saved PC:0x40375968
SPIWP:0xee
mode:DIO, clock div:1
load:0x3fce3810,len:0x1870
load:0x403c9700,len:0x4
load:0x403c9704,len:0xcec
load:0x403cc700,len:0x2eb0
entry 0x403c9918
[0;32mI (31) boot: ESP-IDF v5.2.3-dirty 2nd stage bootloader[0m
[0;32mI (31) boot: compile time Aug 17 2025 14:59:24[0m
[0;32mI (31) boot: Multicore bootloader[0m
[0;32mI (35) boot: chip revision: v0.2[0m
[0;32mI (39) boot: efuse block revision: v1.3[0m
[0;32mI (43) boot.esp32s3: Boot SPI Speed : 80MHz[0m
[0;32mI (48) boot.esp32s3: SPI Mode       : DIO[0m
[0;32mI (53) boot.esp32s3: SPI Flash Size : 2MB[0m
[0;32mI (57) boot: Enabling RNG early entropy source...[0m
[0;32mI (63) boot: Partition Table:[0m
[0;32mI (66) boot: ## Label            Usage          Type ST Offset   Length[0m
[0;32mI (74) boot:  0 nvs              WiFi data        01 02 00009000 00006000[0m
[0;32mI (81) boot:  1 phy_init         RF data          01 01 0000f000 00001000[0m
[0;32mI (89) boot:  2 factory          factory app      00 00 00010000 00100000[0m
[0;32mI (96) boot: End of partition table[0m
[0;32mI (100) esp_image: segment 0: paddr=00010020 vaddr=3c020020 size=0b7f8h ( 47096) map[0m
[0;32mI (117) esp_image: segment 1: paddr=0001b820 vaddr=3fc92d00 size=028e0h ( 10464) load[0m
[0;32mI (120) esp_image: segment 2: paddr=0001e108 vaddr=40374000 size=01f10h (  7952) load[0m
[0;32mI (127) esp_image: segment 3: paddr=00020020 vaddr=42000020 size=1dee4h (122596) map[0m
[0;32mI (156) esp_image: segment 4: paddr=0003df0c vaddr=40375f10 size=0ccfch ( 52476) load[0m
[0;32mI (173) boot: Loaded app from partition at offset 0x10000[0m
[0;32mI (174) boot: Disabling RNG early entropy source...[0m
[0;32mI (185) cpu_start: Multicore app[0m
[0;32mI (195) cpu_start: Pro cpu start user code[0m
[0;32mI (195) cpu_start: cpu freq: 160000000 Hz[0m
[0;32mI (195) cpu_start: Application information:[0m
[0;32mI (198) cpu_start: Project name:     uart-cleint[0m
[0;32mI (203) cpu_start: App version:      v5.2.3-dirty[0m
[0;32mI (208) cpu_start: Compile time:     Aug 17 2025 14:58:11[0m
[0;32mI (214) cpu_start: ELF file SHA256:  73bc23073...[0m
[0;32mI (220) cpu_start: ESP-IDF:          v5.2.3-dirty[0m
[0;32mI (225) cpu_start: Min chip rev:     v0.0[0m
[0;32mI (230) cpu_start: Max chip rev:     v0.99 [0m
[0;32mI (235) cpu_start: Chip rev:         v0.2[0m
[0;32mI (239) heap_init: Initializing. RAM available for dynamic allocation:[0m
[0;32mI (247) heap_init: At 3FC95EB0 len 00053860 (334 KiB): RAM[0m
[0;32mI (253) heap_init: At 3FCE9710 len 00005724 (21 KiB): RAM[0m
[0;32mI (259) heap_init: At 3FCF0000 len 00008000 (32 KiB): DRAM[0m
[0;32mI (265) heap_init: At 600FE010 len 00001FD8 (7 KiB): RTCRAM[0m
[0;32mI (272) spi_flash: detected chip: generic[0m
[0;32mI (276) spi_flash: flash io: dio[0m
[0;33mW (280) spi_flash: Detected size(16384k) larger than the size in the binary image header(2048k). Using the size in the binary image header.[0m
[0;32mI (293) sleep: Configure to isolate all GPIO pins in sleep state[0m
[0;32mI (300) sleep: Enable automatic switching of GPIO sleep configuration[0m
[0;32mI (307) main_task: Started on CPU0[0m
[0;32mI (317) main_task: Calling app_main()[0m

***ERROR*** A stack overflow in task uart_reader_tas has been detected.


Backtrace: 0x403759f2:0x3fca8ac0 0x4037aa15:0x3fca8ae0 0x4037b93a:0x3fca8b00 0x4037caaf:0x3fca8b80 0x4037ba00:0x3fca8ba0 0x4037b9f6:0x2089f37c |<-CORRUPTED




ELF file SHA256: 73bc23073

Rebooting...
ESP-ROM:esp32s3-20210327
Build:Mar 27 2021
rst:0xc (RTC_SW_CPU_RST),boot:0x8 (SPI_FAST_FLASH_BOOT)
Saved PC:0x40375968
SPIWP:0xee
mode:DIO, clock div:1
load:0x3fce3810,len:0x1870
load:0x403c9700,len:0x4
load:0x403c9704,len:0xcec
load:0x403cc700,len:0x2eb0
entry 0x403c9918
[0;32mI (31) boot: ESP-IDF v5.2.3-dirty 2nd stage bootloader[0m
[0;32mI (31) boot: compile time Aug 17 2025 14:59:24[0m
[0;32mI (31) boot: Multicore bootloader[0m
[0;32mI (35) boot: chip revision: v0.2[0m
[0;32mI (39) boot: efuse block revision: v1.3[0m
[0;32mI (43) boot.esp32s3: Boot SPI Speed : 80MHz[0m
[0;32mI (48) boot.esp32s3: SPI Mode       : DIO[0m
[0;32mI (53) boot.esp32s3: SPI Flash Size : 2MB[0m
[0;32mI (57) boot: Enabling RNG early entropy source...[0m
[0;32mI (63) boot: Partition Table:[0m
[0;32mI (66) boot: ## Label            Usage          Type ST Offset   Length[0m
[0;32mI (74) boot:  0 nvs              WiFi data        01 02 00009000 00006000[0m
[0;32mI (81) boot:  1 phy_init         RF data          01 01 0000f000 00001000[0m
[0;32mI (89) boot:  2 factory          factory app      00 00 00010000 00100000[0m
[0;32mI (96) boot: End of partition table[0m
[0;32mI (100) esp_image: segment 0: paddr=00010020 vaddr=3c020020 size=0b7f8h ( 47096) map[0m
[0;32mI (117) esp_image: segment 1: paddr=0001b820 vaddr=3fc92d00 size=028e0h ( 10464) load[0m
[0;32mI (120) esp_image: segment 2: paddr=0001e108 vaddr=40374000 size=01f10h (  7952) load[0m
[0;32mI (127) esp_image: segment 3: paddr=00020020 vaddr=42000020 size=1dee4h (122596) map[0m
[0;32mI (156) esp_image: segment 4: paddr=0003df0c vaddr=40375f10 size=0ccfch ( 52476) load[0m
[0;32mI (173) boot: Loaded app from partition at offset 0x10000[0m
[0;32mI (174) boot: Disabling RNG early entropy source...[0m
[0;32mI (185) cpu_start: Multicore app[0m
[0;32mI (195) cpu_start: Pro cpu start user code[0m
[0;32mI (195) cpu_start: cpu freq: 160000000 Hz[0m
[0;32mI (195) cpu_start: Application information:[0m
[0;32mI (198) cpu_start: Project name:     uart-cleint[0m
[0;32mI (203) cpu_start: App version:      v5.2.3-dirty[0m
[0;32mI (208) cpu_start: Compile time:     Aug 17 2025 14:58:11[0m
[0;32mI (214) cpu_start: ELF file SHA256:  73bc23073...[0m
[0;32mI (220) cpu_start: ESP-IDF:          v5.2.3-dirty[0m
[0;32mI (225) cpu_start: Min chip rev:     v0.0[0m
[0;32mI (230) cpu_start: Max chip rev:     v0.99 [0m
[0;32mI (235) cpu_start: Chip rev:         v0.2[0m
[0;32mI (239) heap_init: Initializing. RAM available for dynamic allocation:[0m
[0;32mI (247) heap_init: At 3FC95EB0 len 00053860 (334 KiB): RAM[0m
[0;32mI (253) heap_init: At 3FCE9710 len 00005724 (21 KiB): RAM[0m
[0;32mI (259) heap_init: At 3FCF0000 len 00008000 (32 KiB): DRAM[0m
[0;32mI (265) heap_init: At 600FE010 len 00001FD8 (7 KiB): RTCRAM[0m
[0;32mI (272) spi_flash: detected chip: generic[0m
[0;32mI (276) spi_flash: flash io: dio[0m
[0;33mW (280) spi_flash: Detected size(16384k) larger than the size in the binary image header(2048k). Using the size in the binary image header.[0m
[0;32mI (293) sleep: Configure to isolate all GPIO pins in sleep state[0m
[0;32mI (300) sleep: Enable automatic switching of GPIO sleep configuration[0m
[0;32mI (307) main_task: Started on CPU0[0m
[0;32mI (317) main_task: Calling app_main()[0m
