0 ï¿½ESP-ROM:esp32s3-20210327
Build:Mar 27 2021
rst:0x1 (POWERON),boot:0x8 (SPI_FAST_FLASH_BOOT)
SPIWP:0xee
mode:DIO, clock div:1
load:0x3fce3810,len:0x1870
load:0x403c9700,len:0x4
load:0x403c9704,len:0xcec
load:0x403cc700,len:0x2eb0
entry 0x403c9918
[0;32mI (27) boot: ESP-IDF v5.2.3-dirty 2nd stage bootloader[0m
[0;32mI (27) boot: compile time Aug 17 2025 14:59:24[0m
[0;32mI (27) boot: Multicore bootloader[0m
[0;32mI (30) boot: chip revision: v0.2[0m
[0;32mI (34) boot: efuse block revision: v1.3[0m
[0;32mI (39) boot.esp32s3: Boot SPI Speed : 80MHz[0m
[0;32mI (44) boot.esp32s3: SPI Mode       : DIO[0m
[0;32mI (48) boot.esp32s3: SPI Flash Size : 2MB[0m
[0;32mI (53) boot: Enabling RNG early entropy source...[0m
[0;32mI (58) boot: Partition Table:[0m
[0;32mI (62) boot: ## Label            Usage          Type ST Offset   Length[0m
[0;32mI (69) boot:  0 nvs              WiFi data        01 02 00009000 00006000[0m
[0;32mI (77) boot:  1 phy_init         RF data          01 01 0000f000 00001000[0m
[0;32mI (84) boot:  2 factory          factory app      00 00 00010000 00100000[0m
[0;32mI (92) boot: End of partition table[0m
[0;32mI (96) esp_image: segment 0: paddr=00010020 vaddr=3c020020 size=0b808h ( 47112) map[0m
[0;32mI (113) esp_image: segment 1: paddr=0001b830 vaddr=3fc92d00 size=028e0h ( 10464) load[0m
[0;32mI (115) esp_image: segment 2: paddr=0001e118 vaddr=40374000 size=01f00h (  7936) load[0m
[0;32mI (123) esp_image: segment 3: paddr=00020020 vaddr=42000020 size=1df8ch (122764) map[0m
[0;32mI (151) esp_image: segment 4: paddr=0003dfb4 vaddr=40375f00 size=0cd0ch ( 52492) load[0m
[0;32mI (169) boot: Loaded app from partition at offset 0x10000[0m
[0;32mI (169) boot: Disabling RNG early entropy source...[0m
[0;32mI (180) cpu_start: Multicore app[0m
[0;32mI (190) cpu_start: Pro cpu start user code[0m
[0;32mI (190) cpu_start: cpu freq: 160000000 Hz[0m
[0;32mI (190) cpu_start: Application information:[0m
[0;32mI (193) cpu_start: Project name:     uart-cleint[0m
[0;32mI (198) cpu_start: App version:      v5.2.3-dirty[0m
[0;32mI (204) cpu_start: Compile time:     Aug 17 2025 14:58:11[0m
[0;32mI (210) cpu_start: ELF file SHA256:  78584c809...[0m
[0;32mI (215) cpu_start: ESP-IDF:          v5.2.3-dirty[0m
[0;32mI (221) cpu_start: Min chip rev:     v0.0[0m
[0;32mI (225) cpu_start: Max chip rev:     v0.99 [0m
[0;32mI (230) cpu_start: Chip rev:         v0.2[0m
[0;32mI (235) heap_init: Initializing. RAM available for dynamic allocation:[0m
[0;32mI (242) heap_init: At 3FC95EB0 len 00053860 (334 KiB): RAM[0m
[0;32mI (248) heap_init: At 3FCE9710 len 00005724 (21 KiB): RAM[0m
[0;32mI (254) heap_init: At 3FCF0000 len 00008000 (32 KiB): DRAM[0m
[0;32mI (261) heap_init: At 600FE010 len 00001FD8 (7 KiB): RTCRAM[0m
[0;32mI (268) spi_flash: detected chip: generic[0m
[0;32mI (271) spi_flash: flash io: dio[0m
[0;33mW (275) spi_flash: Detected size(16384k) larger than the size in the binary image header(2048k). Using the size in the binary image header.[0m
[0;32mI (289) sleep: Configure to isolate all GPIO pins in sleep state[0m
[0;32mI (296) sleep: Enable automatic switching of GPIO sleep configuration[0m
[0;32mI (303) main_task: Started on CPU0[0m
[0;32mI (313) main_task: Calling app_main()[0m
[0;32mI (313) main_task: Returned from app_main()[0m
[0;32mI (313) UART_TX_TEST: Test burst sent: 267 bytes[0m
Found packet at pos 6, length 104
81----Found packet at pos

[0;32mI (323) UART_READER: Parser got frame len=64[0m
Found packet at pos 20, length 136
[0;32mI (333) FRAME: be bf c0 c1 be bf c0 c1 be bf c0 c1 be bf c0 c1 [0m
[0;32mI (343) FRAME: be bf c0 c1 be bf c0 c1 be bf c0 c1 be bf c0 c1 [0m
Guru Meditation Error: Core  0 panic'ed (LoadProhibited). Exception was unhandled.

Core  0 register dump:
PC      : 0x4037c886  PS      : 0x00060033  A0      : 0x8037bda2  A1      : 0x3fc93bf0  
A2      : 0x00000001  A3      : 0x00000005  A4      : 0x00098000  A5      : 0x00030000  
A6      : 0x00000000  A7      : 0x00000005  A8      : 0x00000040  A9      : 0x00000000  
A10     : 0x00000000  A11     : 0x00000000  A12     : 0x00000000  A13     : 0x80000001  
A14     : 0x00000000  A15     : 0x0000cdcd  SAR     : 0x00000012  EXCCAUSE: 0x0000001c  
EXCVADDR: 0x00000044  LBEG    : 0x00000000  LEND    : 0x00000000  LCOUNT  : 0x00000000  


Backtrace: 0x4037c883:0x3fc93bf0 0x4037bd9f:0x3fc93c10 0x4037be21:0x3fc93c30 0x403772ad:0x3fc93c50 0x40378457:0x3fc9a240 0x4200298a:0x3fc9a260 0x4037c48d:0x3fc9a280 0x4037b539:0x3fc9a2a0




ELF file SHA256: 78584c809

Rebooting...
ï¿½ï¿½ï¿½ESP-ROM:esp32s3-20210327
Build:Mar 27 2021
rst:0xc (RTC_SW_CPU_RST),boot:0x8 (SPI_FAST_FLASH_BOOT)
Saved PC:0x40375968
SPIWP:0xee
mode:DIO, clock div:1
load:0x3fce3810,len:0x1870
load:0x403c9700,len:0x4
load:0x403c9704,len:0xcec
load:0x403cc700,len:0x2eb0
entry 0x403c9918
[0;32mI (31) boot: ESP-IDF v5.2.3-dirty 2nd stage bootloader[0m
[0;32mI (31) boot: compile time Aug 17 2025 14:59:24[0m
[0;32mI (31) boot: Multicore bootloader[0m
[0;32mI (35) boot: chip revision: v0.2[0m
[0;32mI (39) boot: efuse block revision: v1.3[0m
[0;32mI (43) boot.esp32s3: Boot SPI Speed : 80MHz[0m
[0;32mI (48) boot.esp32s3: SPI Mode       : DIO[0m
[0;32mI (53) boot.esp32s3: SPI Flash Size : 2MB[0m
[0;32mI (57) boot: Enabling RNG early entropy source...[0m
[0;32mI (63) boot: Partition Table:[0m
[0;32mI (66) boot: ## Label            Usage          Type ST Offset   Length[0m
[0;32mI (74) boot:  0 nvs              WiFi data        01 02 00009000 00006000[0m
[0;32mI (81) boot:  1 phy_init         RF data          01 01 0000f000 00001000[0m
[0;32mI (89) boot:  2 factory          factory app      00 00 00010000 00100000[0m
[0;32mI (96) boot: End of partition table[0m
[0;32mI (100) esp_image: segment 0: paddr=00010020 vaddr=3c020020 size=0b808h ( 47112) map[0m
[0;32mI (117) esp_image: segment 1: paddr=0001b830 vaddr=3fc92d00 size=028e0h ( 10464) load[0m
[0;32mI (120) esp_image: segment 2: paddr=0001e118 vaddr=40374000 size=01f00h (  7936) load[0m
[0;32mI (127) esp_image: segment 3: paddr=00020020 vaddr=42000020 size=1df8ch (122764) map[0m
[0;32mI (156) esp_image: segment 4: paddr=0003dfb4 vaddr=40375f00 size=0cd0ch ( 52492) load[0m
[0;32mI (173) boot: Loaded app from partition at offset 0x10000[0m
[0;32mI (174) boot: Disabling RNG early entropy source...[0m
[0;32mI (185) cpu_start: Multicore app[0m
[0;32mI (195) cpu_start: Pro cpu start user code[0m
[0;32mI (195) cpu_start: cpu freq: 160000000 Hz[0m
[0;32mI (195) cpu_start: Application information:[0m
[0;32mI (198) cpu_start: Project name:     uart-cleint[0m
[0;32mI (203) cpu_start: App version:      v5.2.3-dirty[0m
[0;32mI (208) cpu_start: Compile time:     Aug 17 2025 14:58:11[0m
[0;32mI (214) cpu_start: ELF file SHA256:  78584c809...[0m
[0;32mI (220) cpu_start: ESP-IDF:          v5.2.3-dirty[0m
[0;32mI (225) cpu_start: Min chip rev:     v0.0[0m
[0;32mI (230) cpu_start: Max chip rev:     v0.99 [0m
[0;32mI (235) cpu_start: Chip rev:         v0.2[0m
[0;32mI (239) heap_init: Initializing. RAM available for dynamic allocation:[0m
[0;32mI (247) heap_init: At 3FC95EB0 len 00053860 (334 KiB): RAM[0m
[0;32mI (253) heap_init: At 3FCE9710 len 00005724 (21 KiB): RAM[0m
[0;32mI (259) heap_init: At 3FCF0000 len 00008000 (32 KiB): DRAM[0m
[0;32mI (265) heap_init: At 600FE010 len 00001FD8 (7 KiB): RTCRAM[0m
[0;32mI (272) spi_flash: detected chip: generic[0m
[0;32mI (276) spi_flash: flash io: dio[0m
[0;33mW (280) spi_flash: Detected size(16384k) larger than the size in the binary image header(2048k). Using the size in the binary image header.[0m
[0;32mI (293) sleep: Configure to isolate all GPIO pins in sleep state[0m
[0;32mI (300) sleep: Enable automatic switching of GPIO sleep configuration[0m
[0;32mI (307) main_task: Started on CPU0[0m
[0;32mI (317) main_task: Calling app_main()[0m
[0;32mI (317) main_task: Returned from app_main()[0m
[0;32mI (317) UART_TX_TEST: Test burst sent: 267 bytes[0m
Found packet at pos 6, length 104
81----Found packet at pos

[0;32mI (327) UART_READER: Parser got frame len=64[0m
Found packet at pos 20, length 136
[0;32mI (337) FRAME: be bf c0 c1 be bf c0 c1 be bf c0 c1 be bf c0 c1 [0m
[0;32mI (347) FRAME: be bf c0 c1 be bf c0 c1 be bf c0 c1 be bf c0 c1 [0m
Guru Meditation Error: Core  0 panic'ed (LoadProhibited). Exception was unhandled.

Core  0 register dump:
PC      : 0x4037c886  PS      : 0x00060033  A0      : 0x8037bda2  A1      : 0x3fc93bf0  
A2      : 0x00000001  A3      : 0x00000005  A4      : 0x00094000  A5      : 0x00030000  
A6      : 0x00000000  A7      : 0x00000005  A8      : 0x00000040  A9      : 0x00000000  
A10     : 0x00000000  A11     : 0x00000000  A12     : 0x00000000  A13     : 0x80000001  
A14     : 0x00000000  A15     : 0x0000cdcd  SAR     : 0x00000012  EXCCAUSE: 0x0000001c  
EXCVADDR: 0x00000044  LBEG    : 0x00000000  LEND    : 0x00000000  LCOUNT  : 0x00000000  


Backtrace: 0x4037c883:0x3fc93bf0 0x4037bd9f:0x3fc93c10 0x4037be21:0x3fc93c30 0x403772ad:0x3fc93c50 0x40378457:0x3fc9a240 0x4200298a:0x3fc9a260 0x4037c48d:0x3fc9a280 0x4037b539:0x3fc9a2a0




ELF file SHA256: 78584c809

Rebooting...
ESP-ROM:esp32s3-20210327
Build:Mar 27 2021
rst:0xc (RTC_SW_CPU_RST),boot:0x8 (SPI_FAST_FLASH_BOOT)
Saved PC:0x40375968
SPIWP:0xee
mode:DIO, clock div:1
load:0x3fce3810,len:0x1870
load:0x403c9700,len:0x4
load:0x403c9704,len:0xcec
load:0x403cc700,len:0x2eb0
entry 0x403c9918
[0;32mI (31) boot: ESP-IDF v5.2.3-dirty 2nd stage bootloader[0m
[0;32mI (31) boot: compile time Aug 17 2025 14:59:24[0m
[0;32mI (31) boot: Multicore bootloader[0m
[0;32mI (35) boot: chip revision: v0.2[0m
[0;32mI (39) boot: efuse block revision: v1.3[0m
[0;32mI (43) boot.esp32s3: Boot SPI Speed : 80MHz[0m
[0;32mI (48) boot.esp32s3: SPI Mode       : DIO[0m
[0;32mI (53) boot.esp32s3: SPI Flash Size : 2MB[0m
[0;32mI (57) boot: Enabling RNG early entropy source...[0m
[0;32mI (63) boot: Partition Table:[0m
[0;32mI (66) boot: ## Label            Usage          Type ST Offset   Length[0m
[0;32mI (74) boot:  0 nvs              WiFi data        01 02 00009000 00006000[0m
[0;32mI (81) boot:  1 phy_init         RF data          01 01 0000f000 00001000[0m
[0;32mI (89) boot:  2 factory          factory app      00 00 00010000 00100000[0m
[0;32mI (96) boot: End of partition table[0m
[0;32mI (100) esp_image: segment 0: paddr=00010020 vaddr=3c020020 size=0b808h ( 47112) map[0m
[0;32mI (117) esp_image: segment 1: paddr=0001b830 vaddr=3fc92d00 size=028e0h ( 10464) load[0m
[0;32mI (120) esp_image: segment 2: paddr=0001e118 vaddr=40374000 size=01f00h (  7936) load[0m
[0;32mI (127) esp_image: segment 3: paddr=00020020 vaddr=42000020 size=1df8ch (122764) map[0m
[0;32mI (156) esp_image: segment 4: paddr=0003dfb4 vaddr=40375f00 size=0cd0ch ( 52492) load[0m
[0;32mI (173) boot: Loaded app from partition at offset 0x10000[0m
[0;32mI (174) boot: Disabling RNG early entropy source...[0m
[0;32mI (185) cpu_start: Multicore app[0m
[0;32mI (195) cpu_start: Pro cpu start user code[0m
[0;32mI (195) cpu_start: cpu freq: 160000000 Hz[0m
[0;32mI (195) cpu_start: Application information:[0m
[0;32mI (198) cpu_start: Project name:     uart-cleint[0m
[0;32mI (203) cpu_start: App version:      v5.2.3-dirty[0m
[0;32mI (208) cpu_start: Compile time:     Aug 17 2025 14:58:11[0m
[0;32mI (214) cpu_start: ELF file SHA256:  78584c809...[0m
[0;32mI (220) cpu_start: ESP-IDF:          v5.2.3-dirty[0m
[0;32mI (225) cpu_start: Min chip rev:     v0.0[0m
[0;32mI (230) cpu_start: Max chip rev:     v0.99 [0m
[0;32mI (235) cpu_start: Chip rev:         v0.2[0m
[0;32mI (239) heap_init: Initializing. RAM available for dynamic allocation:[0m
[0;32mI (247) heap_init: At 3FC95EB0 len 00053860 (334 KiB): RAM[0m
[0;32mI (253) heap_init: At 3FCE9710 len 00005724 (21 KiB): RAM[0m
[0;32mI (259) heap_init: At 3FCF0000 len 00008000 (32 KiB): DRAM[0m
[0;32mI (265) heap_init: At 600FE010 len 00001FD8 (7 KiB): RTCRAM[0m
[0;32mI (272) spi_flash: detected chip: generic[0m
[0;32mI (276) spi_flash: flash io: dio[0m
[0;33mW (280) spi_flash: Detected size(16384k) larger than the size in the binary image header(2048k). Using the size in the binary image header.[0m
[0;32mI (293) sleep: Configure to isolate all GPIO pins in sleep state[0m
[0;32mI (300) sleep: Enable automatic switching of GPIO sleep configuration[0m
[0;32mI (307) main_task: Started on CPU0[0m
[0;32mI (317) main_task: Calling app_main()[0m
[0;32mI (317) main_task: Returned from app_main()[0m
[0;32mI (317) UART_TX_TEST: Test burst sent: 267 bytes[0m
Found packet at pos 6, length 104
81----Found packet at pos

[0;32mI (327) UART_READER: Parser got frame len=64[0m
Found packet at pos 20, length 136
[0;32mI (337) FRAME: be bf c0 c1 be bf c0 c1 be bf c0 c1 be bf c0 c1 [0m
[0;32mI (347) FRAME: be bf c0 c1 be bf c0 c1 be bf c0 c1 be bf c0 c1 [0m
Guru Meditation Error: Core  0 panic'ed (LoadProhibited). Exception was unhandled.

Core  0 register dump:
PC      : 0x4037c886  PS      : 0x00060033  A0      : 0x8037bda2  A1      : 0x3fc93bf0  
A2      : 0x00000001  A3      : 0x00000005  A4      : 0x00098000  A5      : 0x00030000  
A6      : 0x00000000  A7      : 0x00000005  A8      : 0x00000040  A9      : 0x00000000  
A10     : 0x00000000  A11     : 0x00000000  A12     : 0x00000000  A13     : 0x80000001  
A14     : 0x00000000  A15     : 0x0000cdcd  SAR     : 0x00000012  EXCCAUSE: 0x0000001c  
EXCVADDR: 0x00000044  LBEG    : 0x00000000  LEND    : 0x00000000  LCOUNT  : 0x00000000  


Backtrace: 0x4037c883:0x3fc93bf0 0x4037bd9f:0x3fc93c10 0x4037be21:0x3fc93c30 0x403772ad:0x3fc93c50 0x40378457:0x3fc9a240 0x4200298a:0x3fc9a260 0x4037c48d:0x3fc9a280 0x4037b539:0x3fc9a2a0




ELF file SHA256: 78584c809

Rebooting...
ESP-ROM:esp32s3-20210327
Build:Mar 27 2021
rst:0xc (RTC_SW_CPU_RST),boot:0x8 (SPI_FAST_FLASH_BOOT)
Saved PC:0x40375968
SPIWP:0xee
mode:DIO, clock div:1
load:0x3fce3810,len:0x1870
load:0x403c9700,len:0x4
load:0x403c9704,len:0xcec
load:0x403cc700,len:0x2eb0
entry 0x403c9918
[0;32mI (31) boot: ESP-IDF v5.2.3-dirty 2nd stage bootloader[0m
[0;32mI (31) boot: compile time Aug 17 2025 14:59:24[0m
[0;32mI (31) boot: Multicore bootloader[0m
[0;32mI (35) boot: chip revision: v0.2[0m
[0;32mI (39) boot: efuse block revision: v1.3[0m
[0;32mI (43) boot.esp32s3: Boot SPI Speed : 80MHz[0m
[0;32mI (48) boot.esp32s3: SPI Mode       : DIO[0m
[0;32mI (53) boot.esp32s3: SPI Flash Size : 2MB[0m
[0;32mI (57) boot: Enabling RNG early entropy source...[0m
[0;32mI (63) boot: Partition Table:[0m
[0;32mI (66) boot: ## Label            Usage          Type ST Offset   Length[0m
[0;32mI (74) boot:  0 nvs              WiFi data        01 02 00009000 00006000[0m
[0;32mI (81) boot:  1 phy_init         RF data          01 01 0000f000 00001000[0m
[0;32mI (89) boot:  2 factory          factory app      00 00 00010000 00100000[0m
[0;32mI (96) boot: End of partition table[0m
[0;32mI (100) esp_image: segment 0: paddr=00010020 vaddr=3c020020 size=0b808h ( 47112) map[0m
[0;32mI (117) esp_image: segment 1: paddr=0001b830 vaddr=3fc92d00 size=028e0h ( 10464) load[0m
[0;32mI (120) esp_image: segment 2: paddr=0001e118 vaddr=40374000 size=01f00h (  7936) load[0m
[0;32mI (127) esp_image: segment 3: paddr=00020020 vaddr=42000020 size=1df8ch (122764) map[0m
[0;32mI (156) esp_image: segment 4: paddr=0003dfb4 vaddr=40375f00 size=0cd0ch ( 52492) load[0m
[0;32mI (173) boot: Loaded app from partition at offset 0x10000[0m
[0;32mI (174) boot: Disabling RNG early entropy source...[0m
[0;32mI (185) cpu_start: Multicore app[0m
[0;32mI (195) cpu_start: Pro cpu start user code[0m
[0;32mI (195) cpu_start: cpu freq: 160000000 Hz[0m
[0;32mI (195) cpu_start: Application information:[0m
[0;32mI (198) cpu_start: Project name:     uart-cleint[0m
[0;32mI (203) cpu_start: App version:      v5.2.3-dirty[0m
[0;32mI (208) cpu_start: Compile time:     Aug 17 2025 14:58:11[0m
[0;32mI (214) cpu_start: ELF file SHA256:  78584c809...[0m
[0;32mI (220) cpu_start: ESP-IDF:          v5.2.3-dirty[0m
[0;32mI (225) cpu_start: Min chip rev:     v0.0[0m
[0;32mI (230) cpu_start: Max chip rev:     v0.99 [0m
[0;32mI (235) cpu_start: Chip rev:         v0.2[0m
[0;32mI (239) heap_init: Initializing. RAM available for dynamic allocation:[0m
[0;32mI (247) heap_init: At 3FC95EB0 len 00053860 (334 KiB): RAM[0m
[0;32mI (253) heap_init: At 3FCE9710 len 00005724 (21 KiB): RAM[0m
[0;32mI (259) heap_init: At 3FCF0000 len 00008000 (32 KiB): DRAM[0m
[0;32mI (265) heap_init: At 600FE010 len 00001FD8 (7 KiB): RTCRAM[0m
[0;32mI (272) spi_flash: detected chip: generic[0m
[0;32mI (276) spi_flash: flash io: dio[0m
[0;33mW (280) spi_flash: Detected size(16384k) larger than the size in the binary image header(2048k). Using the size in the binary image header.[0m
[0;32mI (293) sleep: Configure to isolate all GPIO pins in sleep state[0m
[0;32mI (300) sleep: Enable automatic switching of GPIO sleep configuration[0m
[0;32mI (307) main_task: Started on CPU0[0m
[0;32mI (317) main_task: Calling app_main()[0m
[0;32mI (317) main_task: Returned from app_main()[0m
[0;32mI (317) UART_TX_TEST: Test burst sent: 267 bytes[0m
Found packet at pos 6, length 104
81----Found packet at pos

[0;32mI (327) UART_READER: Parser got frame len=64[0m
Found packet at pos 20, length 136
[0;32mI (337) FRAME: be bf c0 c1 be bf c0 c1 be bf c0 c1 be bf c0 c1 [0m
[0;32mI (347) FRAME: be bf c0 c1 be bf c0 c1 be bf c0 c1 be bf c0 c1 [0m
Guru Meditation Error: Core  0 panic'ed (LoadProhibited). Exception was unhandled.

Core  0 register dump:
PC      : 0x4037c886  PS      : 0x00060033  A0      : 0x8037bda2  A1      : 0x3fc93bf0  
A2      : 0x00000001  A3      : 0x00000005  A4      : 0x00098000  A5      : 0x00030000  
A6      : 0x00000000  A7      : 0x00000005  A8      : 0x00000040  A9      : 0x00000000  
A10     : 0x00000000  A11     : 0x00000000  A12     : 0x00000000  A13     : 0x80000001  
A14     : 0x00000000  A15     : 0x0000cdcd  SAR     : 0x00000012  EXCCAUSE: 0x0000001c  
EXCVADDR: 0x00000044  LBEG    : 0x00000000  LEND    : 0x00000000  LCOUNT  : 0x00000000  


Backtrace: 0x4037c883:0x3fc93bf0 0x4037bd9f:0x3fc93c10 0x4037be21:0x3fc93c30 0x403772ad:0x3fc93c50 0x40378457:0x3fc9a240 0x4200298a:0x3fc9a260 0x4037c48d:0x3fc9a280 0x4037b539:0x3fc9a2a0




ELF file SHA256: 78584c809

Rebooting...
ESP-ROM:esp32s3-20210327
Build:Mar 27 2021
rst:0xc (RTC_SW_CPU_RST),boot:0x8 (SPI_FAST_FLASH_BOOT)
Saved PC:0x40375968
SPIWP:0xee
mode:DIO, clock div:1
load:0x3fce3810,len:0x1870
load:0x403c9700,len:0x4
load:0x403c9704,len:0xcec
load:0x403cc700,len:0x2eb0
entry 0x403c9918
[0;32mI (31) boot: ESP-IDF v5.2.3-dirty 2nd stage bootloader[0m
[0;32mI (31) boot: compile time Aug 17 2025 14:59:24[0m
[0;32mI (31) boot: Multicore bootloader[0m
[0;32mI (35) boot: chip revision: v0.2[0m
[0;32mI (39) boot: efuse block revision: v1.3[0m
[0;32mI (43) boot.esp32s3: Boot SPI Speed : 80MHz[0m
[0;32mI (48) boot.esp32s3: SPI Mode       : DIO[0m
[0;32mI (53) boot.esp32s3: SPI Flash Size : 2MB[0m
[0;32mI (57) boot: Enabling RNG early entropy source...[0m
[0;32mI (63) boot: Partition Table:[0m
[0;32mI (66) boot: ## Label            Usage          Type ST Offset   Length[0m
[0;32mI (74) boot:  0 nvs              WiFi data        01 02 00009000 00006000[0m
[0;32mI (81) boot:  1 phy_init         RF data          01 01 0000f000 00001000[0m
[0;32mI (89) boot:  2 factory          factory app      00 00 00010000 00100000[0m
[0;32mI (96) boot: End of partition table[0m
[0;32mI (100) esp_image: segment 0: paddr=00010020 vaddr=3c020020 size=0b808h ( 47112) map[0m
[0;32mI (117) esp_image: segment 1: paddr=0001b830 vaddr=3fc92d00 size=028e0h ( 10464) load[0m
[0;32mI (120) esp_image: segment 2: paddr=0001e118 vaddr=40374000 size=01f00h (  7936) load[0m
[0;32mI (127) esp_image: segment 3: paddr=00020020 vaddr=42000020 size=1df8ch (122764) map[0m
[0;32mI (156) esp_image: segment 4: paddr=0003dfb4 vaddr=40375f00 size=0cd0ch ( 52492) load[0m
[0;32mI (173) boot: Loaded app from partition at offset 0x10000[0m
[0;32mI (174) boot: Disabling RNG early entropy source...[0m
[0;32mI (185) cpu_start: Multicore app[0m
[0;32mI (195) cpu_start: Pro cpu start user code[0m
[0;32mI (195) cpu_start: cpu freq: 160000000 Hz[0m
[0;32mI (195) cpu_start: Application information:[0m
[0;32mI (198) cpu_start: Project name:     uart-cleint[0m
[0;32mI (203) cpu_start: App version:      v5.2.3-dirty[0m
[0;32mI (208) cpu_start: Compile time:     Aug 17 2025 14:58:11[0m
[0;32mI (214) cpu_start: ELF file SHA256:  78584c809...[0m
[0;32mI (220) cpu_start: ESP-IDF:          v5.2.3-dirty[0m
[0;32mI (225) cpu_start: Min chip rev:     v0.0[0m
[0;32mI (230) cpu_start: Max chip rev:     v0.99 [0m
[0;32mI (235) cpu_start: Chip rev:         v0.2[0m
[0;32mI (239) heap_init: Initializing. RAM available for dynamic allocation:[0m
[0;32mI (247) heap_init: At 3FC95EB0 len 00053860 (334 KiB): RAM[0m
[0;32mI (253) heap_init: At 3FCE9710 len 00005724 (21 KiB): RAM[0m
[0;32mI (259) heap_init: At 3FCF0000 len 00008000 (32 KiB): DRAM[0m
[0;32mI (265) heap_init: At 600FE010 len 00001FD8 (7 KiB): RTCRAM[0m
[0;32mI (272) spi_flash: detected chip: generic[0m
[0;32mI (276) spi_flash: flash io: dio[0m
[0;33mW (280) spi_flash: Detected size(16384k) larger than the size in the binary image header(2048k). Using the size in the binary image header.[0m
[0;32mI (293) sleep: Configure to isolate all GPIO pins in sleep state[0m
[0;32mI (300) sleep: Enable automatic switching of GPIO sleep configuration[0m
[0;32mI (307) main_task: Started on CPU0[0m
[0;32mI (317) main_task: Calling app_main()[0m
[0;32mI (317) main_task: Returned from app_main()[0m
[0;32mI (317) UART_TX_TEST: Test burst sent: 267 bytes[0m
Found packet at pos 6, length 104
81----Found packet at pos

[0;32mI (327) UART_READER: Parser got frame len=64[0m
Found packet at pos 20, length 136
[0;32mI (337) FRAME: be bf c0 c1 be bf c0 c1 be bf c0 c1 be bf c0 c1 [0m
[0;32mI (347) FRAME: be bf c0 c1 be bf c0 c1 be bf c0 c1 be bf c0 c1 [0m
Guru Meditation Error: Core  0 panic'ed (LoadProhibited). Exception was unhandled.

Core  0 register dump:
PC      : 0x4037c886  PS      : 0x00060033  A0      : 0x8037bda2  A1      : 0x3fc93bf0  
A2      : 0x00000001  A3      : 0x00000005  A4      : 0x00098000  A5      : 0x00030000  
A6      : 0x00000000  A7      : 0x00000005  A8      : 0x00000040  A9      : 0x00000000  
A10     : 0x00000000  A11     : 0x00000000  A12     : 0x00000000  A13     : 0x80000001  
A14     : 0x00000000  A15     : 0x0000cdcd  SAR     : 0x00000012  EXCCAUSE: 0x0000001c  
EXCVADDR: 0x00000044  LBEG    : 0x00000000  LEND    : 0x00000000  LCOUNT  : 0x00000000  


Backtrace: 0x4037c883:0x3fc93bf0 0x4037bd9f:0x3fc93c10 0x4037be21:0x3fc93c30 0x403772ad:0x3fc93c50 0x40378457:0x3fc9a240 0x4200298a:0x3fc9a260 0x4037c48d:0x3fc9a280 0x4037b539:0x3fc9a2a0




ELF file SHA256: 78584c809

Rebooting...
ESP-ROM:esp32s3-20210327
Build:Mar 27 2021
rst:0xc (RTC_SW_CPU_RST),boot:0x8 (SPI_FAST_FLASH_BOOT)
Saved PC:0x40375968
SPIWP:0xee
mode:DIO, clock div:1
load:0x3fce3810,len:0x1870
load:0x403c9700,len:0x4
load:0x403c9704,len:0xcec
load:0x403cc700,len:0x2eb0
entry 0x403c9918
[0;32mI (31) boot: ESP-IDF v5.2.3-dirty 2nd stage bootloader[0m
[0;32mI (31) boot: compile time Aug 17 2025 14:59:24[0m
[0;32mI (31) boot: Multicore bootloader[0m
[0;32mI (35) boot: chip revision: v0.2[0m
[0;32mI (39) boot: efuse block revision: v1.3[0m
[0;32mI (43) boot.esp32s3: Boot SPI Speed : 80MHz[0m
[0;32mI (48) boot.esp32s3: SPI Mode       : DIO[0m
[0;32mI (53) boot.esp32s3: SPI Flash Size : 2MB[0m
[0;32mI (57) boot: Enabling RNG early entropy source...[0m
[0;32mI (63) boot: Partition Table:[0m
[0;32mI (66) boot: ## Label            Usage          Type ST Offset   Length[0m
[0;32mI (74) boot:  0 nvs              WiFi data        01 02 00009000 00006000[0m
[0;32mI (81) boot:  1 phy_init         RF data          01 01 0000f000 00001000[0m
[0;32mI (89) boot:  2 factory          factory app      00 00 00010000 00100000[0m
[0;32mI (96) boot: End of partition table[0m
[0;32mI (100) esp_image: segment 0: paddr=00010020 vaddr=3c020020 size=0b808h ( 47112) map[0m
[0;32mI (117) esp_image: segment 1: paddr=0001b830 vaddr=3fc92d00 size=028e0h ( 10464) load[0m
[0;32mI (120) esp_image: segment 2: paddr=0001e118 vaddr=40374000 size=01f00h (  7936) load[0m
[0;32mI (127) esp_image: segment 3: paddr=00020020 vaddr=42000020 size=1df8ch (122764) map[0m
[0;32mI (156) esp_image: segment 4: paddr=0003dfb4 vaddr=40375f00 size=0cd0ch ( 52492) load[0m
[0;32mI (173) boot: Loaded app from partition at offset 0x10000[0m
[0;32mI (174) boot: Disabling RNG early entropy source...[0m
[0;32mI (185) cpu_start: Multicore app[0m
[0;32mI (195) cpu_start: Pro cpu start user code[0m
[0;32mI (195) cpu_start: cpu freq: 160000000 Hz[0m
